// Jest Snapshot v1, https://goo.gl/fbAQLP

exports[`getBaseOptions should call prompts with the correct set of base options 1`] = `
Array [
  Array [
    Object {
      "format": [Function],
      "initial": "",
      "message": "Enter your project's name. This will also be used as the directory name for the project:",
      "name": "projectName",
      "type": "text",
      "validate": [Function],
    },
  ],
]
`;

exports[`getBaseOptions should call prompts with the correct set of options when regex is passed 1`] = `
Array [
  Array [
    Object {
      "format": [Function],
      "initial": "",
      "message": "Enter your project's name. This will also be used as the directory name for the project:",
      "name": "projectName",
      "type": "text",
      "validate": [Function],
    },
  ],
]
`;
