// Jest Snapshot v1, https://goo.gl/fbAQLP

exports[`commitlint config should match ths snapshot 1`] = `
Object {
  "extends": Array [
    "@commitlint/config-conventional",
  ],
  "rules": Object {
    "scope-case": Array [
      2,
      "always",
      Array [
        "pascal-case",
        "camel-case",
        "kebab-case",
      ],
    ],
  },
}
`;
